T5 C 模式 Runner 授權回覆單 v0.1 — verification record
UTC context: 2026-09-06
pre-snapshot HEAD: 6fe5c97b87d1a8108ce670687e5cb4844cf39252
source status: no readable authorization form content or same-name file located in the T5 repository and shared project files.

$ python3 -m json.tool src/ui/contracts/orderai/orderai.c_mode_runner_authorization.json
EXIT_CODE=0

$ git diff --check
EXIT_CODE=0

$ precise external/secret scan
MATCH=NO
EXIT_CODE=0

$ precise runner/schedule implementation scan
MATCH=NO
EXIT_CODE=0

$ precise write/event implementation scan
MATCH=NO
EXIT_CODE=0

$ precise tracking/shadow scan
MATCH=NO
EXIT_CODE=0

Conclusion: C mode runner status is BLOCKED. No runner, scheduler, webhook, external connector, database write, production data access, OAuth, provider call, payment, invoice, or EventBus operation was enabled or implemented.
